// Jest Snapshot v1, https://goo.gl/fbAQLP

exports[`CreateThought should match the snapshot 1`] = `
ShallowWrapper {
  Symbol(enzyme.__root__): [Circular],
  Symbol(enzyme.__unrendered__): <CreateThought />,
  Symbol(enzyme.__renderer__): Object {
    "batchedUpdates": [Function],
    "getNode": [Function],
    "render": [Function],
    "simulateError": [Function],
    "simulateEvent": [Function],
    "unmount": [Function],
  },
  Symbol(enzyme.__node__): Object {
    "instance": null,
    "key": undefined,
    "nodeType": "host",
    "props": Object {
      "children": Array [
        <label
          htmlFor="title"
        >
          Thought Title: 
        </label>,
        <input
          id="titleInput"
          name="title"
          onChange={[Function]}
          placeholder="Enter Title Here"
          type="text"
        />,
        <label
          htmlFor="body"
        >
          Thought: 
        </label>,
        <input
          name="body"
          onChange={[Function]}
          placeholder="Enter Thought Here"
          type="text"
        />,
        <button
          className="submit-new-thought-btn"
          onClick={[Function]}
        >
          Submit New Thought
        </button>,
      ],
      "className": "new-thought-form",
    },
    "ref": null,
    "rendered": Array [
      Object {
        "instance": null,
        "key": undefined,
        "nodeType": "host",
        "props": Object {
          "children": "Thought Title: ",
          "htmlFor": "title",
        },
        "ref": null,
        "rendered": "Thought Title: ",
        "type": "label",
      },
      Object {
        "instance": null,
        "key": undefined,
        "nodeType": "host",
        "props": Object {
          "id": "titleInput",
          "name": "title",
          "onChange": [Function],
          "placeholder": "Enter Title Here",
          "type": "text",
        },
        "ref": null,
        "rendered": null,
        "type": "input",
      },
      Object {
        "instance": null,
        "key": undefined,
        "nodeType": "host",
        "props": Object {
          "children": "Thought: ",
          "htmlFor": "body",
        },
        "ref": null,
        "rendered": "Thought: ",
        "type": "label",
      },
      Object {
        "instance": null,
        "key": undefined,
        "nodeType": "host",
        "props": Object {
          "name": "body",
          "onChange": [Function],
          "placeholder": "Enter Thought Here",
          "type": "text",
        },
        "ref": null,
        "rendered": null,
        "type": "input",
      },
      Object {
        "instance": null,
        "key": undefined,
        "nodeType": "host",
        "props": Object {
          "children": "Submit New Thought",
          "className": "submit-new-thought-btn",
          "onClick": [Function],
        },
        "ref": null,
        "rendered": "Submit New Thought",
        "type": "button",
      },
    ],
    "type": "form",
  },
  Symbol(enzyme.__nodes__): Array [
    Object {
      "instance": null,
      "key": undefined,
      "nodeType": "host",
      "props": Object {
        "children": Array [
          <label
            htmlFor="title"
          >
            Thought Title: 
          </label>,
          <input
            id="titleInput"
            name="title"
            onChange={[Function]}
            placeholder="Enter Title Here"
            type="text"
          />,
          <label
            htmlFor="body"
          >
            Thought: 
          </label>,
          <input
            name="body"
            onChange={[Function]}
            placeholder="Enter Thought Here"
            type="text"
          />,
          <button
            className="submit-new-thought-btn"
            onClick={[Function]}
          >
            Submit New Thought
          </button>,
        ],
        "className": "new-thought-form",
      },
      "ref": null,
      "rendered": Array [
        Object {
          "instance": null,
          "key": undefined,
          "nodeType": "host",
          "props": Object {
            "children": "Thought Title: ",
            "htmlFor": "title",
          },
          "ref": null,
          "rendered": "Thought Title: ",
          "type": "label",
        },
        Object {
          "instance": null,
          "key": undefined,
          "nodeType": "host",
          "props": Object {
            "id": "titleInput",
            "name": "title",
            "onChange": [Function],
            "placeholder": "Enter Title Here",
            "type": "text",
          },
          "ref": null,
          "rendered": null,
          "type": "input",
        },
        Object {
          "instance": null,
          "key": undefined,
          "nodeType": "host",
          "props": Object {
            "children": "Thought: ",
            "htmlFor": "body",
          },
          "ref": null,
          "rendered": "Thought: ",
          "type": "label",
        },
        Object {
          "instance": null,
          "key": undefined,
          "nodeType": "host",
          "props": Object {
            "name": "body",
            "onChange": [Function],
            "placeholder": "Enter Thought Here",
            "type": "text",
          },
          "ref": null,
          "rendered": null,
          "type": "input",
        },
        Object {
          "instance": null,
          "key": undefined,
          "nodeType": "host",
          "props": Object {
            "children": "Submit New Thought",
            "className": "submit-new-thought-btn",
            "onClick": [Function],
          },
          "ref": null,
          "rendered": "Submit New Thought",
          "type": "button",
        },
      ],
      "type": "form",
    },
  ],
  Symbol(enzyme.__options__): Object {
    "adapter": ReactSixteenAdapter {
      "options": Object {
        "enableComponentDidUpdateOnSetState": true,
        "lifecycles": Object {
          "componentDidUpdate": Object {
            "onSetState": true,
          },
          "getDerivedStateFromProps": true,
          "getSnapshotBeforeUpdate": true,
          "setState": Object {
            "skipsComponentDidUpdateOnNullish": true,
          },
        },
      },
    },
  },
}
`;
